0 verbose cli C:\Program Files\nodejs\node.exe C:\Program Files\nodejs\node_modules\npm\bin\npm-cli.js
1 info using npm@10.2.4
2 info using node@v20.11.0
3 timing npm:load:whichnode Completed in 26ms
4 timing config:load:defaults Completed in 31ms
5 timing config:load:file:C:\Program Files\nodejs\node_modules\npm\npmrc Completed in 17ms
6 timing config:load:builtin Completed in 18ms
7 timing config:load:cli Completed in 11ms
8 timing config:load:env Completed in 1ms
9 timing config:load:project Completed in 12ms
10 timing config:load:file:C:\Users\tatii\.npmrc Completed in 14ms
11 timing config:load:user Completed in 15ms
12 timing config:load:file:C:\Users\tatii\AppData\Roaming\npm\etc\npmrc Completed in 12ms
13 timing config:load:global Completed in 12ms
14 timing config:load:setEnvs Completed in 2ms
15 timing config:load Completed in 107ms
16 timing npm:load:configload Completed in 107ms
17 timing config:load:flatten Completed in 8ms
18 timing npm:load:mkdirpcache Completed in 1ms
19 timing npm:load:mkdirplogs Completed in 1ms
20 verbose title npm prefix
21 verbose argv "prefix" "--global"
22 timing npm:load:setTitle Completed in 1ms
23 timing npm:load:display Completed in 2ms
24 verbose logfile logs-max:10 dir:C:\Users\tatii\OneDrive\Área de Trabalho\ADS\ODS\eco-vista-linda\clean\_logs\2026-06-15T18_19_36_943Z-
25 verbose logfile C:\Users\tatii\OneDrive\Área de Trabalho\ADS\ODS\eco-vista-linda\clean\_logs\2026-06-15T18_19_36_943Z-debug-0.log
26 timing npm:load:logFile Completed in 33ms
27 timing npm:load:timers Completed in 0ms
28 timing npm:load:configScope Completed in 0ms
29 timing npm:load Completed in 288ms
30 timing command:prefix Completed in 24ms
31 verbose exit 0
32 timing npm Completed in 589ms
33 info ok
